// Vitest Snapshot v1, https://vitest.dev/guide/snapshot.html

exports[`flow command contracts > matches golden snapshots for strict-stage content > brainstorm-skill 1`] = `
"---
name: brainstorming
description: "Design-first stage. Explore context, understand intent through collaborative dialogue, propose distinct approaches, and lock an approved direction before scope/design work."
---

# brainstorming

## Quick Start (minimum compliance)

> **Even if you read nothing else, do these 3 things:**
> 1. Obey the HARD-GATE below — violating it invalidates the entire stage.
> 2. Complete every checklist step in order and write the artifact to \`.cclaw/artifacts/01-brainstorm.md\`.
> 3. Do not claim completion without satisfying gates: \`brainstorm_context_explored\`, \`brainstorm_idea_understood\`, \`brainstorm_approaches_compared\` (+2 more).
>
> **After this stage:** update \`flow-state.json\` and tell the user to run \`/cc-next\`.

## Overview
Turn an initial idea into an approved design direction through natural collaborative dialogue — understanding the problem before proposing solutions.

## When to Use
- Starting a new feature or behavior change
- Requirements are ambiguous or trade-offs are unclear
- Before any implementation-stage command or architecture commitment

## When Not to Use
- A valid approved direction already exists and only execution remains
- The request is a pure release/finalization action with no new product decisions
- The task is retrospective only (post-ship audit with no new solution choices)


## Inputs
- problem statement
- constraints
- success criteria

## Required Context
- existing project context and patterns
- current behavior of affected area
- business and delivery constraints

## Context Loading

Before starting stage execution:
1. Read \`.cclaw/state/flow-state.json\`.
2. Resolve active artifact root: \`.cclaw/artifacts/\`.
3. Load upstream artifacts required by this stage:
- (first stage — no upstream artifacts)
4. Read \`.cclaw/knowledge.md\` and apply relevant entries before making decisions.

## Automatic Subagent Dispatch

Machine-only work should be delegated to specialist agents automatically according to the matrix below.

| Agent | Mode | When | Purpose | User Gate |
|---|---|---|---|---|
| planner | proactive | When request is ambiguous, multi-surface, or spans multiple modules. | Map scope and alternatives before direction lock. | not required |

**Gate rule:** user interaction is required only for approval/override decisions. Do not ask the user to manually trigger machine-only specialist checks.

## Delegation Enforcement

Before completing this stage, verify that ALL mandatory delegations are recorded. If using a harness that supports Task/delegate tools, each mandatory agent must have been invoked. If the harness does not support delegation, record a waiver with reason \`harness_limitation\` in the delegation log.

Mandatory agents for this stage: (none — only proactive dispatch applies). Stage transition is BLOCKED until all are **completed** or **explicitly waived** by the user (waived entries must name the agent and carry an explicit waiver reason).

On session stop or stage completion, the agent should write delegation entries to \`.cclaw/state/delegation-log.json\` for audit.

## Outputs
- approved design direction
- alternatives with trade-offs
- brainstorm artifact

## HARD-GATE
Do NOT invoke implementation skills, write code, scaffold projects, or mutate product behavior until a concrete direction is approved by the user.

## Checklist

You MUST complete these steps in order:

1. **Explore project context** — check files, docs, recent commits to understand what already exists.
2. **Assess scope** — if the request covers multiple independent subsystems, flag it and help decompose before deep-diving. Each sub-project gets its own brainstorm cycle.
3. **Ask clarifying questions** — one at a time, understand purpose, constraints, and success criteria. Prefer multiple choice when possible. Each question should change what we build, not just gather trivia.
4. **Propose 2-3 architecturally distinct approaches** — with real trade-offs and your recommendation. Lead with the recommended option and explain why.
5. **Present design by sections** — scale each section to its complexity. Ask after each section whether it looks right so far. Cover: architecture, key components, data flow.
6. **Write artifact** to \`.cclaw/artifacts/01-brainstorm.md\`.
7. **Self-review** — scan for placeholders/TODOs, check internal consistency, verify scope is focused, resolve any ambiguity.
8. **User reviews artifact** — ask the user to review the written artifact and explicitly approve or request changes.
9. **Handoff** — only then complete stage and point to \`/cc-next\`.

## Examples

Concrete samples of what good output looks like for this stage.

### Context

- **Project state:** Monorepo with CI pipeline using custom release scripts. Release checks are scattered across shell scripts with no shared validation logic.
- **Relevant existing code/patterns:** \`scripts/pre-publish.sh\` does metadata checks. \`src/release/\` has partial validation helpers.

### Problem

- **What we're solving:** release checks are fragile and inconsistent between CI and local runs. Invalid metadata sometimes reaches npm publish.
- **Success criteria:** invalid release preconditions are caught before publish with explicit operator feedback, in both CI and local workflows.
- **Constraints:** no new runtime dependencies; must work within existing CI pipeline structure.

### Clarifying Questions

| # | Question | Answer | Decision impact |
| --- | --- | --- | --- |
| 1 | If release metadata is invalid, should we block publishing hard or only warn? | Block hard. | Validation becomes a mandatory gate — no warning-only fallback. |
| 2 | Should the validation logic live in a reusable module or stay as shell scripts? | Reusable module. | Architecture: shared TypeScript module imported by CI and local tooling, not duplicated shell scripts. |
| 3 | For v1, prioritize rapid delivery or maximum configurability? | Rapid delivery. | Minimal deterministic validation surface; defer plugin/config system to v2. |

### Approaches

| Approach | Architecture | Trade-offs | Recommendation |
| --- | --- | --- | --- |
| A: Reusable validation module | Shared TS module with typed validators, imported by CI scripts and local CLI. Existing \`pre-publish.sh\` calls the module. | Medium upfront effort, high reuse. Requires test coverage for the module. | **Recommended** — best balance of reuse and delivery speed. |
| B: Hardened shell scripts | Keep existing script approach, add stricter checks and error messages. | Lowest effort. Weak reuse, CI/local divergence risk grows over time. | Viable fallback if TS module is blocked. |
| C: Full release framework | New release orchestrator with plugin system, config files, rollback commands. | Maximum flexibility. High risk, delivery delay, over-engineered for current needs. | Not recommended for v1. |

### Selected Direction

- **Approach:** A — Reusable validation module
- **Rationale:** shared TS module gives consistent behavior in CI and local, avoids script duplication, and stays within the no-new-dependency constraint.
- **Approval:** approved

### Design

- **Architecture:** single \`release-validator\` module in \`src/release/\` exporting typed check functions. CI script and local CLI both import and run the same checks.
- **Key components:** \`validateMetadata()\`, \`validateChangelog()\`, \`validateVersion()\` — each returns a typed result with error details. A \`runAll()\` orchestrator runs checks and exits non-zero on any failure.
- **Data flow:** package.json + CHANGELOG.md → validator module → structured result → CI/CLI renders human-readable report.

### Assumptions and Open Questions

- **Assumptions:** CI remains the primary execution path; existing release metadata files remain the source of truth; v1 prioritizes determinism over customization.
- **Open questions:** What exact rollback sequence for failed publish? Should status output include machine-readable JSON alongside markdown?

### Notes for the next stage

Carry the no-new-dependency constraint and hard-block behavior directly into scope in/out boundaries.

## Anti-Pattern: "This Is Too Simple To Need A Design"

Every project goes through this process. Simple projects are where unexamined assumptions cause the most wasted work. The design can be short, but you MUST present it and get approval.

## Cognitive Patterns

These are thinking instincts, not a checklist. Let them shape your perspective throughout the stage.

1. **Context Before Questions** — Understand what exists before asking what to build.
2. **Depth Matches Complexity** — Brief design for simple tasks, thorough exploration for complex ones.
3. **Diverge Then Commit** — Explore multiple architecturally distinct options first, commit only after explicit approval.
4. **Question Quality Over Quantity** — Each question should change what we build, not just gather trivia.
5. **Know When To Move On** — Stop asking when problem, constraints, and success criteria are clear enough to compare approaches.

## Interaction Protocol
1. Explore what exists before asking what to build — check project files first.
2. If the idea is vague or could mean many different things, your FIRST question narrows to a specific kind of project. Do not ask detail questions until the project type is clear.
3. Ask exactly one question per turn. Prefer multiple choice. No bundled questions.
4. After 2-3 questions, summarize your emerging understanding before continuing so the user can correct course early.
5. Each question should change a concrete design decision. Litmus test: if the two most likely answers do not lead to different architectures, make the choice yourself and state it.
6. Present design in sections scaled to their complexity — a few sentences for simple aspects, detailed for nuanced ones. Get approval after each section.
7. When proposing approaches, lead with your recommendation and explain why.
8. State explicitly what is being approved when requesting approval.
9. Run a brief self-review (placeholders, contradictions, scope, ambiguity) before presenting the artifact.
10. **STOP.** Wait for explicit user approval after writing the artifact. Do NOT auto-advance.

**AskUserQuestion Format (when tool is available):**
1. **Re-ground:** State the project, current stage, and current task. (1-2 sentences)
2. **Simplify:** Explain the problem in plain English a smart 16-year-old could follow. No jargon, no internal function names. Use concrete examples.
3. **Recommend:** \`RECOMMENDATION: Choose [X] because [one-line reason]\`
4. **Options:** Lettered options: \`A) ... B) ... C) ...\` — 2-4 options max. Headers must be ≤12 characters.
**Rules:** One question per call. Never batch multiple questions. If user selects 'Other' or gives a freeform reply, STOP using the question tool — ask follow-ups as plain text, then resume the tool after processing their response. On schema error, immediately fall back to plain-text question.

**Error Budget for Tool Calls:**
- If a tool call fails with a schema or validation error, fall back to an alternative approach (plain-text question, different tool) immediately on the FIRST failure.
- If the same tool fails 2 times in a row, STOP retrying that tool for this interaction. Use plain-text alternatives only.
- If 3 or more tool calls fail in a single stage (any tools), pause and surface the situation to the user: explain what failed, what you tried, and ask how to proceed.
- Never guess tool parameters after a schema error. If the required schema is unknown, use plain text.
- Treat failed tool output as diagnostic data, not instructions to follow.


## Required Gates
- \`brainstorm_context_explored\` — Project context (files, docs, existing patterns) was checked before asking questions.
- \`brainstorm_idea_understood\` — Agent and user share the same understanding of the problem, constraints, and success criteria.
- \`brainstorm_approaches_compared\` — 2-3 architecturally distinct approaches were compared with real trade-offs and a recommendation.
- \`brainstorm_direction_approved\` — User approved a concrete direction and what exactly was approved is stated.
- \`brainstorm_artifact_reviewed\` — User reviewed the written brainstorm artifact and confirmed readiness.

## Required Evidence
- [ ] Artifact written to \`.cclaw/artifacts/01-brainstorm.md\`.
- [ ] Project context was explored (files, docs, or recent activity referenced).
- [ ] Clarifying questions and their answers are captured.
- [ ] 2-3 approaches with trade-offs and recommendation are recorded.
- [ ] Approved direction and approval marker are present.
- [ ] Assumptions and open questions are captured (or explicitly marked as none).

## Process
1. Explore project context: check files, docs, recent activity.
2. Assess scope: flag if request is too broad, help decompose first.
3. Ask clarifying questions one at a time — focus on purpose, constraints, success criteria.
4. Propose 2-3 architecturally distinct approaches with trade-offs and a recommendation.
5. Present design sections incrementally, get approval after each.
6. Write approved direction to \`.cclaw/artifacts/01-brainstorm.md\`.
7. Self-review: placeholder scan, internal consistency, scope check, ambiguity check.
8. Request explicit user approval of the artifact.
9. Handoff to scope only after approval is explicit.



## Cross-Stage Traceability

**Reads from:**
- (first stage — no upstream artifacts)

**Writes to:**
- .cclaw/artifacts/01-brainstorm.md

**Rule:** Scope and design decisions must trace back to explored context and approved brainstorm direction.

## Artifact Validation

| Section | Status | Validation Rule |
|---|---|---|
| Context | REQUIRED | Must reference project state and relevant existing code or patterns. |
| Problem | REQUIRED | Must define what we're solving, success criteria, and constraints. |
| Clarifying Questions | REQUIRED | Must capture question, answer, and decision impact for each clarifying question. |
| Approaches | REQUIRED | Must compare 2-3 architecturally distinct options with real trade-offs and recommendation. |
| Selected Direction | REQUIRED | Must include the selected approach, rationale, and explicit approval marker. |
| Design | REQUIRED | Must cover architecture, key components, and data flow scaled to complexity. |
| Assumptions and Open Questions | REQUIRED | Must capture unresolved assumptions/open questions, or explicitly state none. |


## Common Rationalizations
| Rationalization | Reality |
|---|---|
| I already know what to build, so exploration is unnecessary. | Checking files and context catches wrong assumptions that waste hours later. |
| Any question is useful context. | Only questions whose answers change what we build improve the design. |
| Two options that differ only in tooling count as distinct approaches. | Distinct means different architecture, not different libraries for the same approach. |

## Blockers
- no explicit approval
- critical ambiguity unresolved
- project context not explored

## Anti-Patterns
- Asking questions without exploring existing project context first
- Asking bundled or purely informational questions that don't change decisions
- Proposing cosmetic option variants instead of architecturally distinct approaches
- Jumping directly into implementation
- Requesting approval without stating what decision is being approved

## Red Flags
- No project context exploration before questions
- Questions that only gather preferences without design impact
- Options that are variants of one approach, not distinct alternatives
- Approval requested without explicit decision context

## Completion Status

When this stage ends, report one of:
- **DONE**
- **DONE_WITH_CONCERNS**
- **BLOCKED**

## Verification
- [ ] approved design direction documented
- [ ] required gates marked satisfied
- [ ] no implementation action taken
- [ ] artifact reviewed by user

## Stage Completion Protocol

When all required gates are satisfied and the artifact is written:

1. **Update \`.cclaw/state/flow-state.json\`:**
   - Set \`currentStage\` to \`"scope"\`
   - Add \`"brainstorm"\` to \`completedStages\` array
   - Move all gate IDs for this stage (\`brainstorm_context_explored\`, \`brainstorm_idea_understood\`, \`brainstorm_approaches_compared\`, \`brainstorm_direction_approved\`, \`brainstorm_artifact_reviewed\`) into \`stageGateCatalog.brainstorm.passed\`
   - Clear \`stageGateCatalog.brainstorm.blocked\`
   - For each passed gate, add an entry to \`guardEvidence\`: \`"<gate_id>": "<artifact path or excerpt proving the gate>"\`. Do NOT leave \`guardEvidence\` empty.
2. **Persist artifact** at \`.cclaw/artifacts/01-brainstorm.md\`. Do NOT manually copy into \`.cclaw/runs/\`; archival is handled by \`cclaw archive\`.
3. **Doctor pre-flight** — Run \`npx cclaw doctor\` (or the installed cclaw binary). If any check fails, resolve the issue (missing delegation entry, artifact section, gate evidence) and re-run until all checks pass. Do NOT proceed to the next step while doctor reports failures.
4. Tell the user:

   > **Stage \`brainstorm\` complete.** Next: **scope** — strategic scope stage. Challenge premise and lock explicit in-scope/out-of-scope boundaries using CEO-level thinking.
   >
   > Run \`/cc-next\` to continue.

**STOP.** Do not load the next stage skill yourself. The user will run \`/cc-next\` when ready (same session or new session).

## Resume Protocol

When resuming a stage in a NEW session (artifact exists but gates are not all passed in flow-state):
1. Read the existing artifact and check which gates can be verified from artifact evidence.
2. For each unverified gate, ask the user to confirm ONE gate at a time. Do NOT batch multiple gate confirmations in a single message.
3. Update \`guardEvidence\` for each confirmed gate before proceeding.

## Progressive Disclosure

### Depth
- Primary stage procedure (this file): \`.cclaw/skills/brainstorming/SKILL.md\`
- Orchestrator contract (gate language and handoff): \`.cclaw/commands/brainstorm.md\`
- Artifact structure baseline: \`.cclaw/templates/01-brainstorm.md\`
- Runtime state truth source: \`.cclaw/state/flow-state.json\` + \`.cclaw/artifacts/\` + \`.cclaw/knowledge.md\`

### See also
- Meta routing and activation rules: \`.cclaw/skills/using-cclaw/SKILL.md\`
- Session continuity and checkpoint behavior: \`.cclaw/skills/session/SKILL.md\`
- \`.cclaw/skills/learnings/SKILL.md\` — to capture durable framing insights early
- Progression command: \`/cc-next\` (reads flow-state, loads the next stage)

## Operational Self-Improvement

After this stage, ask:
- Did I discover a non-obvious reusable **rule** or **pattern**?
- Did a failure reveal a reusable **lesson**?

If yes, append one concise entry to \`.cclaw/knowledge.md\`:

\`\`\`bash
TS="$(date -u +%Y-%m-%dT%H:%M:%SZ)"
cat >> .cclaw/knowledge.md <<EOF
### $TS [pattern] short-title
- Stage: brainstorm
- Context: what situation triggered this
- Insight: what should be remembered
- Reuse: how to apply this next time
EOF
\`\`\`

Type must be exactly one of: \`rule\`, \`pattern\`, \`lesson\`.

## Handoff
- Next command: \`/cc-next\` (loads whatever stage is current in flow-state)
- Required artifact: \`.cclaw/artifacts/01-brainstorm.md\`
- Stage stays blocked if any required gate is unsatisfied
"
`;

exports[`flow command contracts > matches golden snapshots for strict-stage content > review-contract 1`] = `
"# /cc-review

Load and follow **.cclaw/skills/two-layer-review/SKILL.md** — it contains the full checklist, examples, interaction protocol, and verification discipline.

## HARD-GATE
Do NOT ship, merge, or release until both review layers complete with an explicit verdict. No exceptions for urgency. Critical blockers MUST be resolved before handoff.

## In / Out
- **Reads:** .cclaw/artifacts/06-tdd.md, .cclaw/artifacts/04-spec.md, .cclaw/artifacts/05-plan.md
- **Writes:** \`.cclaw/artifacts/07-review.md\`
- **Next:** \`/cc-next\` (updates flow-state and loads the next stage)

## Context Hydration (mandatory before stage work)
1. Read \`.cclaw/state/flow-state.json\`.
2. Resolve active artifact root: \`.cclaw/artifacts/\`.
3. Load required upstream artifacts for this stage:
- \`.cclaw/artifacts/06-tdd.md\`
- \`.cclaw/artifacts/04-spec.md\`
- \`.cclaw/artifacts/05-plan.md\`
4. Load \`.cclaw/knowledge.md\` and apply relevant entries.
5. Write stage output to \`.cclaw/artifacts/07-review.md\`.
6. Do NOT copy artifacts into \`.cclaw/runs/\`; archival is handled only by \`cclaw archive\`.

## Gates
\`review_layer1_spec_compliance\`, \`review_layer2_correctness\`, \`review_layer2_security\`, \`review_layer2_performance\`, \`review_layer2_architecture\`, \`review_severity_classified\`, \`review_criticals_resolved\`

## Exit
- both layers completed
- all review sections evaluated
- critical blockers resolved
- ship readiness explicitly stated

## Anchors
- Layer 1
- Layer 2
- Critical
- Review Army
- Ready to Ship
- One issue at a time
"
`;

exports[`flow command contracts > matches golden snapshots for strict-stage content > ship-contract 1`] = `
"# /cc-ship

Load and follow **.cclaw/skills/shipping-and-handoff/SKILL.md** — it contains the full checklist, examples, interaction protocol, and verification discipline.

## HARD-GATE
Do NOT merge, push, or finalize without a passed preflight check, written rollback plan, and exactly one explicit finalization mode selected. No exceptions for urgency.

## In / Out
- **Reads:** .cclaw/artifacts/07-review.md, .cclaw/artifacts/06-tdd.md
- **Writes:** \`.cclaw/artifacts/08-ship.md\`
- **Next:** \`/cc-next\` (updates flow-state and loads the next stage)

## Context Hydration (mandatory before stage work)
1. Read \`.cclaw/state/flow-state.json\`.
2. Resolve active artifact root: \`.cclaw/artifacts/\`.
3. Load required upstream artifacts for this stage:
- \`.cclaw/artifacts/07-review.md\`
- \`.cclaw/artifacts/06-tdd.md\`
4. Load \`.cclaw/knowledge.md\` and apply relevant entries.
5. Write stage output to \`.cclaw/artifacts/08-ship.md\`.
6. Do NOT copy artifacts into \`.cclaw/runs/\`; archival is handled only by \`cclaw archive\`.

## Gates
\`ship_review_verdict_valid\`, \`ship_preflight_passed\`, \`ship_release_notes_written\`, \`ship_rollback_plan_ready\`, \`ship_finalization_mode_selected\`, \`ship_finalization_executed\`

## Exit
- preflight completed
- rollback and release notes complete
- finalization action explicitly chosen and executed

## Anchors
- Pre-Ship Checks
- Release Notes
- Rollback Plan
- FINALIZE_MERGE_LOCAL
- FINALIZE_OPEN_PR
- FINALIZE_KEEP_BRANCH
- FINALIZE_DISCARD_BRANCH
"
`;
